../Core/Src/main.c:55:5:main	32	static
../Core/Src/main.c:121:6:changeLED	16	static
../Core/Src/main.c:129:6:incCount	24	static
../Core/Src/main.c:145:6:SystemClock_Config	80	static
../Core/Src/main.c:186:13:MX_ADC_Init	24	static
../Core/Src/main.c:240:13:MX_TIM3_Init	64	static
../Core/Src/main.c:299:13:MX_USART2_UART_Init	8	static
../Core/Src/main.c:332:13:MX_DMA_Init	16	static
../Core/Src/main.c:353:13:MX_GPIO_Init	56	static
../Core/Src/main.c:393:6:EXTI0_1_IRQHandler	16	static
../Core/Src/main.c:407:10:pollADC	16	static
../Core/Src/main.c:415:10:ADCtoCRR	24	static
../Core/Src/main.c:425:6:Error_Handler	8	static,ignoring_inline_asm
