../Core/Src/main.c:101:5:main	32	static
../Core/Src/main.c:186:6:changeLED	16	static
../Core/Src/main.c:194:6:incCount	24	static
../Core/Src/main.c:205:6:SystemClock_Config	80	static
../Core/Src/main.c:246:13:MX_ADC_Init	24	static
../Core/Src/main.c:300:13:MX_TIM3_Init	64	static
../Core/Src/main.c:359:13:MX_USART2_UART_Init	8	static
../Core/Src/main.c:392:13:MX_DMA_Init	16	static
../Core/Src/main.c:413:13:MX_GPIO_Init	56	static
../Core/Src/main.c:453:6:EXTI0_1_IRQHandler	16	static
../Core/Src/main.c:467:10:pollADC	16	static
../Core/Src/main.c:475:10:ADCtoCRR	24	static
../Core/Src/main.c:485:6:Error_Handler	8	static,ignoring_inline_asm
